[core]
	repositoryformatversion = 0
	filemode = true
	bare = false
	logallrefupdates = true
[remote "origin"]
	url = git@github.com:tmcgilchrist/ocaml-gitlab
	fetch = +refs/heads/*:refs/remotes/origin/*
[branch "master"]
	remote = origin
	merge = refs/heads/master
[branch "parse_gitconfig"]
	remote = origin
	merge = refs/heads/parse_gitconfig
